OneClickResponse {
    data: OneClickComponentList {
        components: [
            OneClickComponent {
                can_disable: None,
                can_manage: true,
                feast_type: None,
                feasts: [],
                groups: [],
                main_device: None,
                component_id: 19401031,
                environments: [],
                name: "Environment Information",
                component_type: 4,
                guide_url: None,
                h5_url: None,
                video_url: None,
                one_clicks: [],
            },
            OneClickComponent {
                can_disable: Some(
                    0,
                ),
                can_manage: false,
                feast_type: None,
                feasts: [],
                groups: [],
                main_device: None,
                component_id: 19401034,
                environments: [],
                name: "Default",
                component_type: 1,
                guide_url: Some(
                    "https://d1f2504ijhdyjw.cloudfront.net/mp4/a7cdba10f8a30785265447a16cbfcc27-oneClick.mp4",
                ),
                h5_url: None,
                video_url: None,
                one_clicks: [
                    OneClick {
                        name: "Turn off the tv light",
                        plan_type: 0,
                        preset_id: 0,
                        preset_state: 0,
                        siri_engine_id: 148376,
                        rule_type: 0,
                        desc: "",
                        exec_rules: [],
                        group_id: 0,
                        group_name: "",
                        iot_rules: [
                            OneClickIotRule {
                                device_obj: OneClickIotRuleDevice {
                                    name: Some(
                                        "TV Backlight",
                                    ),
                                    device: Some(
                                        "XX:XX:XX",
                                    ),
                                    sku: Some(
                                        "H6199",
                                    ),
                                    topic: Some(
                                        REDACTED,
                                    ),
                                    ble_address: Some(
                                        "XX:XX:XX",
                                    ),
                                    ble_name: Some(
                                        "ihoment_H6199_3468",
                                    ),
                                    device_splicing_status: 0,
                                    feast_id: 0,
                                    feast_name: "",
                                    feast_type: 0,
                                    goods_type: Some(
                                        24,
                                    ),
                                    ic: Some(
                                        50,
                                    ),
                                    ic_sub_1: Some(
                                        0,
                                    ),
                                    ic_sub_2: Some(
                                        0,
                                    ),
                                    is_feast: false,
                                    pact_type: Some(
                                        1,
                                    ),
                                    pact_code: Some(
                                        1,
                                    ),
                                    settings: None,
                                    spec: Some(
                                        "",
                                    ),
                                    sub_device: "",
                                    sub_device_num: 0,
                                    sub_devices: Some(
                                        Object {},
                                    ),
                                    version_hard: Some(
                                        "1.00.01",
                                    ),
                                    version_soft: Some(
                                        "1.07.02",
                                    ),
                                    wifi_soft_version: Some(
                                        "1.00.29",
                                    ),
                                    wifi_hard_version: Some(
                                        "1.00.01",
                                    ),
                                },
                                rule: [
                                    OneClickIotRuleEntry {
                                        blue_msg: Null,
                                        cmd_type: 0,
                                        cmd_val: OneClickIotRuleEntryCmd {
                                            open: Some(
                                                0,
                                            ),
                                            scenes_code: None,
                                            scence_id: None,
                                            scenes_str: None,
                                            scence_param_id: None,
                                        },
                                        device_type: 2,
                                        iot_msg: Object {
                                            "msg": Object {
                                                "accountTopic": String("GA/86f8778be8053ab0ffc5fa8831bcdef9"),
                                                "cmd": String("turn"),
                                                "cmdVersion": Number(0),
                                                "data": Object {
                                                    "val": Number(0),
                                                },
                                                "transaction": String("v_1627356304842075"),
                                                "type": Number(1),
                                            },
                                        },
                                    },
                                ],
                            },
                        ],
                    },
                    OneClick {
                        name: "Turn on the tv light",
                        plan_type: 0,
                        preset_id: 0,
                        preset_state: 0,
                        siri_engine_id: 148364,
                        rule_type: 0,
                        desc: "",
                        exec_rules: [],
                        group_id: 0,
                        group_name: "",
                        iot_rules: [
                            OneClickIotRule {
                                device_obj: OneClickIotRuleDevice {
                                    name: Some(
                                        "TV Backlight",
                                    ),
                                    device: Some(
                                        "XX:XX:XX",
                                    ),
                                    sku: Some(
                                        "H6199",
                                    ),
                                    topic: Some(
                                        REDACTED,
                                    ),
                                    ble_address: Some(
                                        "XX:XX:XX",
                                    ),
                                    ble_name: Some(
                                        "ihoment_H6199_3468",
                                    ),
                                    device_splicing_status: 0,
                                    feast_id: 0,
                                    feast_name: "",
                                    feast_type: 0,
                                    goods_type: Some(
                                        24,
                                    ),
                                    ic: Some(
                                        50,
                                    ),
                                    ic_sub_1: Some(
                                        0,
                                    ),
                                    ic_sub_2: Some(
                                        0,
                                    ),
                                    is_feast: false,
                                    pact_type: Some(
                                        1,
                                    ),
                                    pact_code: Some(
                                        1,
                                    ),
                                    settings: None,
                                    spec: Some(
                                        "",
                                    ),
                                    sub_device: "",
                                    sub_device_num: 0,
                                    sub_devices: Some(
                                        Object {},
                                    ),
                                    version_hard: Some(
                                        "1.00.01",
                                    ),
                                    version_soft: Some(
                                        "1.07.02",
                                    ),
                                    wifi_soft_version: Some(
                                        "1.00.29",
                                    ),
                                    wifi_hard_version: Some(
                                        "1.00.01",
                                    ),
                                },
                                rule: [
                                    OneClickIotRuleEntry {
                                        blue_msg: Null,
                                        cmd_type: 0,
                                        cmd_val: OneClickIotRuleEntryCmd {
                                            open: Some(
                                                1,
                                            ),
                                            scenes_code: None,
                                            scence_id: None,
                                            scenes_str: None,
                                            scence_param_id: None,
                                        },
                                        device_type: 2,
                                        iot_msg: Object {
                                            "msg": Object {
                                                "accountTopic": String("GA/86f8778be8053ab0ffc5fa8831bcdef9"),
                                                "cmd": String("turn"),
                                                "cmdVersion": Number(0),
                                                "data": Object {
                                                    "val": Number(1),
                                                },
                                                "transaction": String("v_1627356180144429"),
                                                "type": Number(1),
                                            },
                                        },
                                    },
                                ],
                            },
                        ],
                    },
                ],
            },
            OneClickComponent {
                can_disable: None,
                can_manage: true,
                feast_type: Some(
                    3,
                ),
                feasts: [],
                groups: [],
                main_device: Some(
                    Object {
                        "bleAddress": Null,
                        "bleName": Null,
                        "device": Null,
                        "goodsType": Null,
                        "ic": Null,
                        "ic_sub_1": Null,
                        "ic_sub_2": Null,
                        "name": Null,
                        "pactCode": Null,
                        "pactType": Null,
                        "sku": Null,
                        "spec": Null,
                        "subDevice": Null,
                        "subDevices": Null,
                        "topic": Null,
                        "versionHard": Null,
                        "versionSoft": Null,
                        "wifiHardVersion": Null,
                        "wifiSoftVersion": Null,
                    },
                ),
                component_id: 19401032,
                environments: [],
                name: "DreamView",
                component_type: 2,
                guide_url: None,
                h5_url: Some(
                    "https://app-h5.govee.com/user-manual/dreamview-intro",
                ),
                video_url: Some(
                    "https://app-h5.govee.com/user-manual/faq/voice-guide?updateTime=21",
                ),
                one_clicks: [],
            },
            OneClickComponent {
                can_disable: None,
                can_manage: true,
                feast_type: None,
                feasts: [],
                groups: [
                    Object {
                        "accountId": Number(2631851),
                        "devices": Array [
                            Object {
                                "bleAddress": String("XX:XX:XX"),
                                "bleName": String("Govee_H6046_3D43"),
                                "device": String("XX:XX:XX:3D:43"),
                                "feastId": Null,
                                "feastName": Null,
                                "feastType": Null,
                                "goodsType": Number(112),
                                "ic": Number(10),
                                "ic_sub_1": Number(0),
                                "ic_sub_2": Number(0),
                                "isFeast": Null,
                                "name": String("H6046_3D43"),
                                "pactCode": Number(1),
                                "pactType": Number(1),
                                "secretCode": String("redacted="),
                                "settings": Null,
                                "sku": String("H6046"),
                                "spec": String(""),
                                "subDevice": Null,
                                "subDevices": Object {},
                                "topic": String("GD/"),
                                "versionHard": String("3.02.01"),
                                "versionSoft": String("1.00.09"),
                                "wifiHardVersion": String("1.02.00"),
                                "wifiSoftVersion": String("2.05.08"),
                            },
                            Object {
                                "bleAddress": String("XX:XX:XX"),
                                "bleName": String("ihoment_H6199_3468"),
                                "device": String("XX:XX:XX"),
                                "feastId": Null,
                                "feastName": Null,
                                "feastType": Null,
                                "goodsType": Number(24),
                                "ic": Number(50),
                                "ic_sub_1": Number(0),
                                "ic_sub_2": Number(0),
                                "isFeast": Null,
                                "name": String("TV Backlight"),
                                "pactCode": Number(1),
                                "pactType": Number(1),
                                "secretCode": Null,
                                "settings": Null,
                                "sku": String("H6199"),
                                "spec": String(""),
                                "subDevice": Null,
                                "subDevices": Object {},
                                "topic": String("GD/"),
                                "versionHard": String("1.00.01"),
                                "versionSoft": String("1.07.02"),
                                "wifiHardVersion": String("1.00.01"),
                                "wifiSoftVersion": String("1.00.29"),
                            },
                        ],
                        "enable": Number(1),
                        "gId": Number(-1),
                        "isBasedGroup": Number(1),
                        "name": String("Basic Group Control"),
                        "presetId": Number(1),
                        "presetState": Number(1),
                        "presetStatus": Null,
                        "type": Number(1),
                    },
                ],
                main_device: None,
                component_id: 19401033,
                environments: [],
                name: "Group",
                component_type: 3,
                guide_url: Some(
                    "https://d1f2504ijhdyjw.cloudfront.net/mp4/14656fc5953a4a05adbd880cbd9d2a42-group.mp4",
                ),
                h5_url: None,
                video_url: None,
                one_clicks: [],
            },
        ],
    },
    message: "Success",
    status: 200,
}