OneClickResponse {
    data: OneClickComponentList {
        components: [
            OneClickComponent {
                can_disable: None,
                can_manage: true,
                feast_type: None,
                feasts: [],
                groups: [],
                main_device: None,
                component_id: 1234,
                environments: [],
                name: "Environment Information",
                component_type: 4,
                guide_url: None,
                h5_url: None,
                video_url: None,
                one_clicks: [],
            },
            OneClickComponent {
                can_disable: Some(
                    0,
                ),
                can_manage: false,
                feast_type: None,
                feasts: [],
                groups: [],
                main_device: None,
                component_id: 1234,
                environments: [],
                name: "Default",
                component_type: 1,
                guide_url: Some(
                    "https://d1f2504ijhdyjw.cloudfront.net/mp4/a7cdba10f8a30785265447a16cbfcc27-oneClick.mp4",
                ),
                h5_url: None,
                video_url: None,
                one_clicks: [
                    OneClick {
                        name: "woot",
                        plan_type: 0,
                        preset_id: 0,
                        preset_state: 0,
                        siri_engine_id: 1234,
                        rule_type: 0,
                        desc: "",
                        exec_rules: [],
                        group_id: 0,
                        group_name: "",
                        iot_rules: [
                            OneClickIotRule {
                                device_obj: OneClickIotRuleDevice {
                                    name: Some(
                                        "Study Floor Lamp 1",
                                    ),
                                    device: Some(
                                        "xx:34:11",
                                    ),
                                    sku: Some(
                                        "H6072",
                                    ),
                                    topic: Some(
                                        REDACTED,
                                    ),
                                    ble_address: Some(
                                        "",
                                    ),
                                    ble_name: Some(
                                        "Govee_H6072_3411",
                                    ),
                                    device_splicing_status: 0,
                                    feast_id: 0,
                                    feast_name: "",
                                    feast_type: 0,
                                    goods_type: Some(
                                        30,
                                    ),
                                    ic: Some(
                                        66,
                                    ),
                                    ic_sub_1: Some(
                                        0,
                                    ),
                                    ic_sub_2: Some(
                                        0,
                                    ),
                                    is_feast: false,
                                    pact_type: Some(
                                        2,
                                    ),
                                    pact_code: Some(
                                        1,
                                    ),
                                    settings: None,
                                    spec: Some(
                                        "",
                                    ),
                                    sub_device: "",
                                    sub_device_num: 0,
                                    sub_devices: Some(
                                        Object {},
                                    ),
                                    version_hard: Some(
                                        "3.02.00",
                                    ),
                                    version_soft: Some(
                                        "2.04.05",
                                    ),
                                    wifi_soft_version: Some(
                                        "1.02.11",
                                    ),
                                    wifi_hard_version: Some(
                                        "1.00.10",
                                    ),
                                },
                                rule: [
                                    OneClickIotRuleEntry {
                                        blue_msg: Object {
                                            "bleCmd": String("MwEBAAAAAAAAAAAAAAAAAAAAADM="),
                                            "type": String("switch"),
                                        },
                                        cmd_type: 0,
                                        cmd_val: OneClickIotRuleEntryCmd {
                                            open: Some(
                                                1,
                                            ),
                                            scenes_code: None,
                                            scence_id: None,
                                            scenes_str: None,
                                            scence_param_id: None,
                                        },
                                        device_type: 2,
                                        iot_msg: Object {
                                            "msg": Object {
                                                "accountTopic": String("GA/"),
                                                "cmd": String("turn"),
                                                "cmdVersion": Number(1),
                                                "data": Object {
                                                    "val": Number(1),
                                                },
                                                "transaction": String("v_1704000430613857"),
                                                "type": Number(1),
                                            },
                                        },
                                    },
                                    OneClickIotRuleEntry {
                                        blue_msg: Object {
                                            "bleCmd": String("owABCAIDGhQAAAEAAf//AAAAAKU=,owEA/zIB//8AAAAAAAAAA0dQAHo=,owIAEAAB//8AAAAAAvsUEP9/AM0=,owP/fwD/AAD/AAD/FgD/FgD/AN8=,owQA/38A/38A//8A//8A//8A/1g=,owX/AP//AP//AP//AAAAAAAAAFk=,owYCIGQAAAEAAf//AAD//wIAMtM=,o/8DBoH+B7T/AAD/AAAAAAAAAZQ="),
                                            "modeCmd": String("MwUEMwgAAAAAAAAAAAAAAAAAAAk="),
                                            "switchCmd": String("MwEBAAAAAAAAAAAAAAAAAAAAADM="),
                                            "type": String("scene"),
                                        },
                                        cmd_type: 3,
                                        cmd_val: OneClickIotRuleEntryCmd {
                                            open: None,
                                            scenes_code: Some(
                                                2099,
                                            ),
                                            scence_id: Some(
                                                1606,
                                            ),
                                            scenes_str: Some(
                                                "Sunrise",
                                            ),
                                            scence_param_id: Some(
                                                1681,
                                            ),
                                        },
                                        device_type: 2,
                                        iot_msg: Object {
                                            "msg": Object {
                                                "accountTopic": String("GA/"),
                                                "cmd": String("ptReal"),
                                                "cmdVersion": Number(1),
                                                "data": Object {
                                                    "command": Array [
                                                        String("owABCAIDGhQAAAEAAf//AAAAAKU="),
                                                        String("owEA/zIB//8AAAAAAAAAA0dQAHo="),
                                                        String("owIAEAAB//8AAAAAAvsUEP9/AM0="),
                                                        String("owP/fwD/AAD/AAD/FgD/FgD/AN8="),
                                                        String("owQA/38A/38A//8A//8A//8A/1g="),
                                                        String("owX/AP//AP//AP//AAAAAAAAAFk="),
                                                        String("owYCIGQAAAEAAf//AAD//wIAMtM="),
                                                        String("o/8DBoH+B7T/AAD/AAAAAAAAAZQ="),
                                                        String("MwUEMwgAAAAAAAAAAAAAAAAAAAk="),
                                                    ],
                                                },
                                                "transaction": String("v_1704000406594520"),
                                                "type": Number(1),
                                            },
                                        },
                                    },
                                ],
                            },
                        ],
                    },
                ],
            },
            OneClickComponent {
                can_disable: Some(
                    1,
                ),
                can_manage: true,
                feast_type: None,
                feasts: [],
                groups: [],
                main_device: None,
                component_id: 1234,
                environments: [],
                name: "Daily",
                component_type: 1,
                guide_url: Some(
                    "https://d1f2504ijhdyjw.cloudfront.net/mp4/a7cdba10f8a30785265447a16cbfcc27-oneClick.mp4",
                ),
                h5_url: None,
                video_url: None,
                one_clicks: [
                    OneClick {
                        name: "Get Home",
                        plan_type: 0,
                        preset_id: 1101,
                        preset_state: 1,
                        siri_engine_id: 0,
                        rule_type: 1,
                        desc: "",
                        exec_rules: [
                            Object {
                                "actionPresetId": Number(12344),
                                "devices": Array [
                                    Object {
                                        "bleAddress": String(""),
                                        "bleName": String("Govee_H6072_5225"),
                                        "device": String("52:25"),
                                        "deviceName": String("Primary Bed Hers"),
                                        "deviceTopic": String("GD/"),
                                        "goodsType": Number(30),
                                        "imgUrl": String("https://d1f2504ijhdyjw.cloudfront.net/sku-img/814c890088f34da331e1eecf8ea46fc2-add_list_type_device_6072.png"),
                                        "pactCode": Number(1),
                                        "pactType": Number(2),
                                        "rule": Object {
                                            "blueMsg": String(""),
                                            "effectCommand": String(""),
                                            "iotMsg": String(""),
                                            "name": String("Turn on the lights"),
                                            "onOff": String("1"),
                                            "onOffIotMsg": Null,
                                        },
                                        "sku": String("H6072"),
                                        "versionHard": String("3.02.00"),
                                        "versionSoft": String("2.04.05"),
                                        "wifiHardVersion": String("1.02.00"),
                                        "wifiSoftVersion": String("2.05.08"),
                                    },
                                ],
                                "imgUrl": String(""),
                                "name": String("Turn On"),
                                "showType": Number(0),
                                "skuType": Number(1),
                            },
                        ],
                        group_id: 0,
                        group_name: "",
                        iot_rules: [],
                    },
                ],
            },
            OneClickComponent {
                can_disable: None,
                can_manage: true,
                feast_type: Some(
                    2,
                ),
                feasts: [
                    Object {
                        "devices": Array [],
                        "enable": Number(1),
                        "feastId": Number(-1),
                        "feastMainDevice": Object {},
                        "gId": Number(-1),
                        "groupId": Number(0),
                        "name": String("Scenic DreamView"),
                        "presetId": Number(1),
                        "presetState": Number(1),
                        "type": Number(13),
                    },
                ],
                groups: [],
                main_device: Some(
                    Object {
                        "bleAddress": Null,
                        "bleName": Null,
                        "device": String(":11"),
                        "goodsType": Number(30),
                        "ic": Null,
                        "ic_sub_1": Null,
                        "ic_sub_2": Null,
                        "name": Null,
                        "pactCode": Null,
                        "pactType": Null,
                        "sku": String("H6072"),
                        "spec": Null,
                        "subDevice": Null,
                        "subDevices": Null,
                        "topic": Null,
                        "versionHard": Null,
                        "versionSoft": Null,
                        "wifiHardVersion": Null,
                        "wifiSoftVersion": Null,
                    },
                ),
                component_id: 23424,
                environments: [],
                name: "DreamView",
                component_type: 2,
                guide_url: None,
                h5_url: Some(
                    "https://app-h5.govee.com/user-manual/dreamview-intro",
                ),
                video_url: Some(
                    "https://app-h5.govee.com/user-manual/faq/voice-guide?updateTime=21",
                ),
                one_clicks: [],
            },
            OneClickComponent {
                can_disable: None,
                can_manage: true,
                feast_type: None,
                feasts: [],
                groups: [
                    Object {
                        "accountId": Number(123444),
                        "devices": Array [
                            Object {
                                "bleAddress": String(":35:29"),
                                "bleName": String("Govee_H6072_3529"),
                                "device": String(":35:29"),
                                "feastId": Null,
                                "feastName": Null,
                                "feastType": Null,
                                "goodsType": Number(30),
                                "ic": Number(66),
                                "ic_sub_1": Number(0),
                                "ic_sub_2": Number(0),
                                "isFeast": Null,
                                "name": String("Study Floor Lamp 2"),
                                "pactCode": Number(1),
                                "pactType": Number(2),
                                "secretCode": Null,
                                "settings": Null,
                                "sku": String("H6072"),
                                "spec": String(""),
                                "subDevice": String(""),
                                "subDevices": Object {},
                                "topic": String("GD/"),
                                "versionHard": String("3.02.00"),
                                "versionSoft": String("2.04.05"),
                                "wifiHardVersion": String("1.00.10"),
                                "wifiSoftVersion": String("1.02.11"),
                            },
                        ],
                        "enable": Number(1),
                        "gId": Number(1234),
                        "isBasedGroup": Number(1),
                        "name": String("Study Floor Lamp"),
                        "presetId": Number(0),
                        "presetState": Number(0),
                        "presetStatus": Null,
                        "type": Number(8),
                    },
                ],
                main_device: None,
                component_id: 12312312,
                environments: [],
                name: "Group",
                component_type: 3,
                guide_url: Some(
                    "https://d1f2504ijhdyjw.cloudfront.net/mp4/14656fc5953a4a05adbd880cbd9d2a42-group.mp4",
                ),
                h5_url: None,
                video_url: None,
                one_clicks: [],
            },
        ],
    },
    message: "Success",
    status: 200,
}